Archive member included because of file (symbol)

c:/program files/atmel/avr tools/avr toolchain/bin/../lib/gcc/avr/4.5.1/avr5\libgcc.a(_exit.o)
                              c:/program files/atmel/avr tools/avr toolchain/bin/../lib/gcc/avr/4.5.1/../../../../avr/lib/avr5/crtm168.o (exit)
c:/program files/atmel/avr tools/avr toolchain/bin/../lib/gcc/avr/4.5.1/avr5\libgcc.a(_copy_data.o)
                              menu.o (__do_copy_data)
c:/program files/atmel/avr tools/avr toolchain/bin/../lib/gcc/avr/4.5.1/avr5\libgcc.a(_clear_bss.o)
                              i2c.o (__do_clear_bss)

Allocating common symbols
Common symbol       size              file

enDS1307Registers   0x1               i2c.o
selectedMenuItem    0x2               menu.o
clock               0x2b              clock.o

Memory Configuration

Name             Origin             Length             Attributes
text             0x00000000         0x00020000         xr
data             0x00800060         0x0000ffa0         rw !x
eeprom           0x00810000         0x00010000         rw !x
fuse             0x00820000         0x00000400         rw !x
lock             0x00830000         0x00000400         rw !x
signature        0x00840000         0x00000400         rw !x
*default*        0x00000000         0xffffffff

Linker script and memory map

Address of section .data set to 0x800100
LOAD c:/program files/atmel/avr tools/avr toolchain/bin/../lib/gcc/avr/4.5.1/../../../../avr/lib/avr5/crtm168.o
LOAD i2c.o
LOAD keyboard.o
LOAD main.o
LOAD led_display.o
LOAD clock.o
LOAD menu.o
LOAD utilites.o
LOAD c:/program files/atmel/avr tools/avr toolchain/bin/../lib/gcc/avr/4.5.1/avr5\libgcc.a
LOAD c:/program files/atmel/avr tools/avr toolchain/bin/../lib/gcc/avr/4.5.1/../../../../avr/lib/avr5\libc.a
LOAD c:/program files/atmel/avr tools/avr toolchain/bin/../lib/gcc/avr/4.5.1/avr5\libgcc.a

.hash
 *(.hash)

.dynsym
 *(.dynsym)

.dynstr
 *(.dynstr)

.gnu.version
 *(.gnu.version)

.gnu.version_d
 *(.gnu.version_d)

.gnu.version_r
 *(.gnu.version_r)

.rel.init
 *(.rel.init)

.rela.init
 *(.rela.init)

.rel.text
 *(.rel.text)
 *(.rel.text.*)
 *(.rel.gnu.linkonce.t*)

.rela.text
 *(.rela.text)
 *(.rela.text.*)
 *(.rela.gnu.linkonce.t*)

.rel.fini
 *(.rel.fini)

.rela.fini
 *(.rela.fini)

.rel.rodata
 *(.rel.rodata)
 *(.rel.rodata.*)
 *(.rel.gnu.linkonce.r*)

.rela.rodata
 *(.rela.rodata)
 *(.rela.rodata.*)
 *(.rela.gnu.linkonce.r*)

.rel.data
 *(.rel.data)
 *(.rel.data.*)
 *(.rel.gnu.linkonce.d*)

.rela.data
 *(.rela.data)
 *(.rela.data.*)
 *(.rela.gnu.linkonce.d*)

.rel.ctors
 *(.rel.ctors)

.rela.ctors
 *(.rela.ctors)

.rel.dtors
 *(.rel.dtors)

.rela.dtors
 *(.rela.dtors)

.rel.got
 *(.rel.got)

.rela.got
 *(.rela.got)

.rel.bss
 *(.rel.bss)

.rela.bss
 *(.rela.bss)

.rel.plt
 *(.rel.plt)

.rela.plt
 *(.rela.plt)

.text           0x00000000      0x7dc
 *(.vectors)
 .vectors       0x00000000       0x68 c:/program files/atmel/avr tools/avr toolchain/bin/../lib/gcc/avr/4.5.1/../../../../avr/lib/avr5/crtm168.o
                0x00000000                __vector_default
                0x00000000                __vectors
 *(.vectors)
 *(.progmem.gcc*)
 *(.progmem*)
 .progmem.data  0x00000068       0x51 menu.o
                0x00000068                strNULL
                0x00000069                Null_Menu
                0x00000073                m_s1i1
                0x0000007d                m_s1i2
                0x00000087                m_s1i3
                0x00000091                m_s1i4
                0x0000009b                m_s2i1
                0x000000a5                m_s3i1
                0x000000af                m_s4i1
                0x000000ba                . = ALIGN (0x2)
 *fill*         0x000000b9        0x1 00
                0x000000ba                __trampolines_start = .
 *(.trampolines)
 .trampolines   0x000000ba        0x0 linker stubs
 *(.trampolines*)
                0x000000ba                __trampolines_end = .
 *(.jumptables)
 *(.jumptables*)
 *(.lowtext)
 *(.lowtext*)
                0x000000ba                __ctors_start = .
 *(.ctors)
                0x000000ba                __ctors_end = .
                0x000000ba                __dtors_start = .
 *(.dtors)
                0x000000ba                __dtors_end = .
 SORT(*)(.ctors)
 SORT(*)(.dtors)
 *(.init0)
 .init0         0x000000ba        0x0 c:/program files/atmel/avr tools/avr toolchain/bin/../lib/gcc/avr/4.5.1/../../../../avr/lib/avr5/crtm168.o
                0x000000ba                __init
 *(.init0)
 *(.init1)
 *(.init1)
 *(.init2)
 .init2         0x000000ba        0xc c:/program files/atmel/avr tools/avr toolchain/bin/../lib/gcc/avr/4.5.1/../../../../avr/lib/avr5/crtm168.o
 *(.init2)
 *(.init3)
 *(.init3)
 *(.init4)
 .init4         0x000000c6       0x16 c:/program files/atmel/avr tools/avr toolchain/bin/../lib/gcc/avr/4.5.1/avr5\libgcc.a(_copy_data.o)
                0x000000c6                __do_copy_data
 .init4         0x000000dc       0x10 c:/program files/atmel/avr tools/avr toolchain/bin/../lib/gcc/avr/4.5.1/avr5\libgcc.a(_clear_bss.o)
                0x000000dc                __do_clear_bss
 *(.init4)
 *(.init5)
 *(.init5)
 *(.init6)
 *(.init6)
 *(.init7)
 *(.init7)
 *(.init8)
 *(.init8)
 *(.init9)
 .init9         0x000000ec        0x8 c:/program files/atmel/avr tools/avr toolchain/bin/../lib/gcc/avr/4.5.1/../../../../avr/lib/avr5/crtm168.o
 *(.init9)
 *(.text)
 .text          0x000000f4        0x4 c:/program files/atmel/avr tools/avr toolchain/bin/../lib/gcc/avr/4.5.1/../../../../avr/lib/avr5/crtm168.o
                0x000000f4                __vector_22
                0x000000f4                __vector_1
                0x000000f4                __vector_24
                0x000000f4                __vector_12
                0x000000f4                __bad_interrupt
                0x000000f4                __vector_6
                0x000000f4                __vector_3
                0x000000f4                __vector_23
                0x000000f4                __vector_25
                0x000000f4                __vector_11
                0x000000f4                __vector_13
                0x000000f4                __vector_17
                0x000000f4                __vector_19
                0x000000f4                __vector_7
                0x000000f4                __vector_5
                0x000000f4                __vector_4
                0x000000f4                __vector_9
                0x000000f4                __vector_2
                0x000000f4                __vector_21
                0x000000f4                __vector_15
                0x000000f4                __vector_8
                0x000000f4                __vector_14
                0x000000f4                __vector_10
                0x000000f4                __vector_16
                0x000000f4                __vector_18
                0x000000f4                __vector_20
 .text          0x000000f8      0x2f4 i2c.o
                0x000000f8                I2C_Init
                0x00000110                I2C_Write
                0x0000017e                I2C_Read
                0x00000234                I2C_ReadTime
                0x000002f0                I2C_DS1307Init
                0x0000034c                I2C_StoreTime
                0x0000039a                I2C_StoreDate
                0x000003d2                I2C_StoreYear
 .text          0x000003ec       0x6e keyboard.o
                0x000003ec                KBD_ReadKey
                0x00000442                KBD_Init
 .text          0x0000045a        0xc main.o
                0x0000045a                main
 .text          0x00000466       0xc8 led_display.o
                0x00000466                LED_SPI_Init
                0x00000478                LED_SPI_WriteWord
                0x000004c4                LED_Out_Buf
 .text          0x0000052e       0xe0 clock.o
                0x0000052e                Clock_Init
                0x000005c6                Clock_Cycle
 .text          0x0000060e      0x16e menu.o
                0x0000060e                Menu_Change
                0x00000620                Menu_Display
                0x000006a8                Menu_Key
                0x0000076e                Menu_Init
 .text          0x0000077c       0x5c utilites.o
                0x0000077c                Time_To_Buf
                0x000007d4                Date_To_Buf
                0x000007d6                Year_To_Buf
 .text          0x000007d8        0x0 c:/program files/atmel/avr tools/avr toolchain/bin/../lib/gcc/avr/4.5.1/avr5\libgcc.a(_exit.o)
 .text          0x000007d8        0x0 c:/program files/atmel/avr tools/avr toolchain/bin/../lib/gcc/avr/4.5.1/avr5\libgcc.a(_copy_data.o)
 .text          0x000007d8        0x0 c:/program files/atmel/avr tools/avr toolchain/bin/../lib/gcc/avr/4.5.1/avr5\libgcc.a(_clear_bss.o)
                0x000007d8                . = ALIGN (0x2)
 *(.text.*)
 .text.libgcc   0x000007d8        0x0 c:/program files/atmel/avr tools/avr toolchain/bin/../lib/gcc/avr/4.5.1/avr5\libgcc.a(_exit.o)
 .text.libgcc   0x000007d8        0x0 c:/program files/atmel/avr tools/avr toolchain/bin/../lib/gcc/avr/4.5.1/avr5\libgcc.a(_copy_data.o)
 .text.libgcc   0x000007d8        0x0 c:/program files/atmel/avr tools/avr toolchain/bin/../lib/gcc/avr/4.5.1/avr5\libgcc.a(_clear_bss.o)
                0x000007d8                . = ALIGN (0x2)
 *(.fini9)
 .fini9         0x000007d8        0x0 c:/program files/atmel/avr tools/avr toolchain/bin/../lib/gcc/avr/4.5.1/avr5\libgcc.a(_exit.o)
                0x000007d8                _exit
                0x000007d8                exit
 *(.fini9)
 *(.fini8)
 *(.fini8)
 *(.fini7)
 *(.fini7)
 *(.fini6)
 *(.fini6)
 *(.fini5)
 *(.fini5)
 *(.fini4)
 *(.fini4)
 *(.fini3)
 *(.fini3)
 *(.fini2)
 *(.fini2)
 *(.fini1)
 *(.fini1)
 *(.fini0)
 .fini0         0x000007d8        0x4 c:/program files/atmel/avr tools/avr toolchain/bin/../lib/gcc/avr/4.5.1/avr5\libgcc.a(_exit.o)
 *(.fini0)
                0x000007dc                _etext = .

.data           0x00800100        0x2 load address 0x000007dc
                0x00800100                PROVIDE (__data_start, .)
 *(.data)
 .data          0x00800100        0x0 c:/program files/atmel/avr tools/avr toolchain/bin/../lib/gcc/avr/4.5.1/../../../../avr/lib/avr5/crtm168.o
 .data          0x00800100        0x0 i2c.o
 .data          0x00800100        0x0 keyboard.o
 .data          0x00800100        0x0 main.o
 .data          0x00800100        0x0 led_display.o
 .data          0x00800100        0x0 clock.o
 .data          0x00800100        0x1 menu.o
 .data          0x00800101        0x0 utilites.o
 .data          0x00800101        0x0 c:/program files/atmel/avr tools/avr toolchain/bin/../lib/gcc/avr/4.5.1/avr5\libgcc.a(_exit.o)
 .data          0x00800101        0x0 c:/program files/atmel/avr tools/avr toolchain/bin/../lib/gcc/avr/4.5.1/avr5\libgcc.a(_copy_data.o)
 .data          0x00800101        0x0 c:/program files/atmel/avr tools/avr toolchain/bin/../lib/gcc/avr/4.5.1/avr5\libgcc.a(_clear_bss.o)
 *(.data*)
 *(.rodata)
 *(.rodata*)
 *(.gnu.linkonce.d*)
                0x00800102                . = ALIGN (0x2)
 *fill*         0x00800101        0x1 00
                0x00800102                _edata = .
                0x00800102                PROVIDE (__data_end, .)

.bss            0x00800102       0x33
                0x00800102                PROVIDE (__bss_start, .)
 *(.bss)
 .bss           0x00800102        0x0 c:/program files/atmel/avr tools/avr toolchain/bin/../lib/gcc/avr/4.5.1/../../../../avr/lib/avr5/crtm168.o
 .bss           0x00800102        0x0 i2c.o
 .bss           0x00800102        0x2 keyboard.o
 .bss           0x00800104        0x0 main.o
 .bss           0x00800104        0x0 led_display.o
 .bss           0x00800104        0x2 clock.o
 .bss           0x00800106        0x1 menu.o
 .bss           0x00800107        0x0 utilites.o
 .bss           0x00800107        0x0 c:/program files/atmel/avr tools/avr toolchain/bin/../lib/gcc/avr/4.5.1/avr5\libgcc.a(_exit.o)
 .bss           0x00800107        0x0 c:/program files/atmel/avr tools/avr toolchain/bin/../lib/gcc/avr/4.5.1/avr5\libgcc.a(_copy_data.o)
 .bss           0x00800107        0x0 c:/program files/atmel/avr tools/avr toolchain/bin/../lib/gcc/avr/4.5.1/avr5\libgcc.a(_clear_bss.o)
 *(.bss*)
 *(COMMON)
 COMMON         0x00800107        0x1 i2c.o
                0x00800107                enDS1307Registers
 COMMON         0x00800108       0x2b clock.o
                0x00800108                clock
 COMMON         0x00800133        0x2 menu.o
                0x00800133                selectedMenuItem
                0x00800135                PROVIDE (__bss_end, .)
                0x000007dc                __data_load_start = LOADADDR (.data)
                0x000007de                __data_load_end = (__data_load_start + SIZEOF (.data))

.noinit         0x00800135        0x0
                0x00800135                PROVIDE (__noinit_start, .)
 *(.noinit*)
                0x00800135                PROVIDE (__noinit_end, .)
                0x00800135                _end = .
                0x00800135                PROVIDE (__heap_start, .)

.eeprom         0x00810000        0x0
 *(.eeprom*)
                0x00810000                __eeprom_end = .

.fuse
 *(.fuse)
 *(.lfuse)
 *(.hfuse)
 *(.efuse)

.lock
 *(.lock*)

.signature
 *(.signature*)

.stab           0x00000000      0x6cc
 *(.stab)
 .stab          0x00000000      0x6cc c:/program files/atmel/avr tools/avr toolchain/bin/../lib/gcc/avr/4.5.1/../../../../avr/lib/avr5/crtm168.o

.stabstr        0x00000000       0x85
 *(.stabstr)
 .stabstr       0x00000000       0x85 c:/program files/atmel/avr tools/avr toolchain/bin/../lib/gcc/avr/4.5.1/../../../../avr/lib/avr5/crtm168.o

.stab.excl
 *(.stab.excl)

.stab.exclstr
 *(.stab.exclstr)

.stab.index
 *(.stab.index)

.stab.indexstr
 *(.stab.indexstr)

.comment
 *(.comment)

.debug
 *(.debug)

.line
 *(.line)

.debug_srcinfo
 *(.debug_srcinfo)

.debug_sfnames
 *(.debug_sfnames)

.debug_aranges  0x00000000       0xe0
 *(.debug_aranges)
 .debug_aranges
                0x00000000       0x20 i2c.o
 .debug_aranges
                0x00000020       0x20 keyboard.o
 .debug_aranges
                0x00000040       0x20 main.o
 .debug_aranges
                0x00000060       0x20 led_display.o
 .debug_aranges
                0x00000080       0x20 clock.o
 .debug_aranges
                0x000000a0       0x20 menu.o
 .debug_aranges
                0x000000c0       0x20 utilites.o

.debug_pubnames
                0x00000000      0x2dc
 *(.debug_pubnames)
 .debug_pubnames
                0x00000000       0xaa i2c.o
 .debug_pubnames
                0x000000aa       0x2f keyboard.o
 .debug_pubnames
                0x000000d9       0x31 main.o
 .debug_pubnames
                0x0000010a       0x49 led_display.o
 .debug_pubnames
                0x00000153       0x51 clock.o
 .debug_pubnames
                0x000001a4       0xe0 menu.o
 .debug_pubnames
                0x00000284       0x58 utilites.o

.debug_info     0x00000000     0x1725
 *(.debug_info)
 .debug_info    0x00000000      0x794 i2c.o
 .debug_info    0x00000794      0x1d4 keyboard.o
 .debug_info    0x00000968       0xf5 main.o
 .debug_info    0x00000a5d      0x259 led_display.o
 .debug_info    0x00000cb6      0x221 clock.o
 .debug_info    0x00000ed7      0x641 menu.o
 .debug_info    0x00001518      0x20d utilites.o
 *(.gnu.linkonce.wi.*)

.debug_abbrev   0x00000000      0x80b
 *(.debug_abbrev)
 .debug_abbrev  0x00000000      0x1dd i2c.o
 .debug_abbrev  0x000001dd      0x128 keyboard.o
 .debug_abbrev  0x00000305       0x89 main.o
 .debug_abbrev  0x0000038e      0x142 led_display.o
 .debug_abbrev  0x000004d0       0xe7 clock.o
 .debug_abbrev  0x000005b7      0x17e menu.o
 .debug_abbrev  0x00000735       0xd6 utilites.o

.debug_line     0x00000000      0xe14
 *(.debug_line)
 .debug_line    0x00000000      0x4ae i2c.o
 .debug_line    0x000004ae      0x1f5 keyboard.o
 .debug_line    0x000006a3       0x74 main.o
 .debug_line    0x00000717      0x242 led_display.o
 .debug_line    0x00000959      0x194 clock.o
 .debug_line    0x00000aed      0x20b menu.o
 .debug_line    0x00000cf8      0x11c utilites.o

.debug_frame    0x00000000      0x1e0
 *(.debug_frame)
 .debug_frame   0x00000000       0x90 i2c.o
 .debug_frame   0x00000090       0x30 keyboard.o
 .debug_frame   0x000000c0       0x20 main.o
 .debug_frame   0x000000e0       0x40 led_display.o
 .debug_frame   0x00000120       0x30 clock.o
 .debug_frame   0x00000150       0x50 menu.o
 .debug_frame   0x000001a0       0x40 utilites.o

.debug_str      0x00000000      0x50c
 *(.debug_str)
 .debug_str     0x00000000      0x202 i2c.o
                                0x245 (size before relaxing)
 .debug_str     0x00000202       0xa7 keyboard.o
                                0x1b5 (size before relaxing)
 .debug_str     0x000002a9       0x27 main.o
                                0x143 (size before relaxing)
 .debug_str     0x000002d0       0x50 led_display.o
                                0x187 (size before relaxing)
 .debug_str     0x00000320       0x69 clock.o
                                0x1f4 (size before relaxing)
 .debug_str     0x00000389      0x151 menu.o
                                0x36f (size before relaxing)
 .debug_str     0x000004da       0x32 utilites.o
                                0x19f (size before relaxing)

.debug_loc      0x00000000      0x5b9
 *(.debug_loc)
 .debug_loc     0x00000000      0x1e7 i2c.o
 .debug_loc     0x000001e7       0x74 keyboard.o
 .debug_loc     0x0000025b       0x8c led_display.o
 .debug_loc     0x000002e7      0x2aa menu.o
 .debug_loc     0x00000591       0x28 utilites.o

.debug_macinfo
 *(.debug_macinfo)
OUTPUT(protocol.elf elf32-avr)
LOAD linker stubs

.debug_pubtypes
                0x00000000      0x1ab
 .debug_pubtypes
                0x00000000       0x3c i2c.o
 .debug_pubtypes
                0x0000003c       0x42 keyboard.o
 .debug_pubtypes
                0x0000007e       0x12 main.o
 .debug_pubtypes
                0x00000090       0x38 led_display.o
 .debug_pubtypes
                0x000000c8       0x48 clock.o
 .debug_pubtypes
                0x00000110       0x5f menu.o
 .debug_pubtypes
                0x0000016f       0x3c utilites.o
