Archive member included because of file (symbol)

c:/program files/atmel/avr tools/avr toolchain/bin/../lib/gcc/avr/4.5.1/avr5\libgcc.a(_exit.o)
                              c:/program files/atmel/avr tools/avr toolchain/bin/../lib/gcc/avr/4.5.1/../../../../avr/lib/avr5/crtm168.o (exit)
c:/program files/atmel/avr tools/avr toolchain/bin/../lib/gcc/avr/4.5.1/avr5\libgcc.a(_copy_data.o)
                              menu.o (__do_copy_data)
c:/program files/atmel/avr tools/avr toolchain/bin/../lib/gcc/avr/4.5.1/avr5\libgcc.a(_clear_bss.o)
                              i2c.o (__do_clear_bss)

Allocating common symbols
Common symbol       size              file

enDS1307Registers   0x1               i2c.o
selectedMenuItem    0x2               menu.o
clock               0x30              clock.o

Memory Configuration

Name             Origin             Length             Attributes
text             0x00000000         0x00020000         xr
data             0x00800060         0x0000ffa0         rw !x
eeprom           0x00810000         0x00010000         rw !x
fuse             0x00820000         0x00000400         rw !x
lock             0x00830000         0x00000400         rw !x
signature        0x00840000         0x00000400         rw !x
*default*        0x00000000         0xffffffff

Linker script and memory map

Address of section .data set to 0x800100
LOAD c:/program files/atmel/avr tools/avr toolchain/bin/../lib/gcc/avr/4.5.1/../../../../avr/lib/avr5/crtm168.o
LOAD i2c.o
LOAD keyboard.o
LOAD main.o
LOAD led_display.o
LOAD clock.o
LOAD menu.o
LOAD utilites.o
LOAD c:/program files/atmel/avr tools/avr toolchain/bin/../lib/gcc/avr/4.5.1/avr5\libgcc.a
LOAD c:/program files/atmel/avr tools/avr toolchain/bin/../lib/gcc/avr/4.5.1/../../../../avr/lib/avr5\libc.a
LOAD c:/program files/atmel/avr tools/avr toolchain/bin/../lib/gcc/avr/4.5.1/avr5\libgcc.a

.hash
 *(.hash)

.dynsym
 *(.dynsym)

.dynstr
 *(.dynstr)

.gnu.version
 *(.gnu.version)

.gnu.version_d
 *(.gnu.version_d)

.gnu.version_r
 *(.gnu.version_r)

.rel.init
 *(.rel.init)

.rela.init
 *(.rela.init)

.rel.text
 *(.rel.text)
 *(.rel.text.*)
 *(.rel.gnu.linkonce.t*)

.rela.text
 *(.rela.text)
 *(.rela.text.*)
 *(.rela.gnu.linkonce.t*)

.rel.fini
 *(.rel.fini)

.rela.fini
 *(.rela.fini)

.rel.rodata
 *(.rel.rodata)
 *(.rel.rodata.*)
 *(.rel.gnu.linkonce.r*)

.rela.rodata
 *(.rela.rodata)
 *(.rela.rodata.*)
 *(.rela.gnu.linkonce.r*)

.rel.data
 *(.rel.data)
 *(.rel.data.*)
 *(.rel.gnu.linkonce.d*)

.rela.data
 *(.rela.data)
 *(.rela.data.*)
 *(.rela.gnu.linkonce.d*)

.rel.ctors
 *(.rel.ctors)

.rela.ctors
 *(.rela.ctors)

.rel.dtors
 *(.rel.dtors)

.rela.dtors
 *(.rela.dtors)

.rel.got
 *(.rel.got)

.rela.got
 *(.rela.got)

.rel.bss
 *(.rel.bss)

.rela.bss
 *(.rela.bss)

.rel.plt
 *(.rel.plt)

.rela.plt
 *(.rela.plt)

.text           0x00000000      0xb3c
 *(.vectors)
 .vectors       0x00000000       0x68 c:/program files/atmel/avr tools/avr toolchain/bin/../lib/gcc/avr/4.5.1/../../../../avr/lib/avr5/crtm168.o
                0x00000000                __vector_default
                0x00000000                __vectors
 *(.vectors)
 *(.progmem.gcc*)
 *(.progmem*)
 .progmem.data  0x00000068       0x6e menu.o
                0x00000068                Null_Menu
                0x00000072                m_s1i1
                0x0000007c                m_s1i2
                0x00000086                m_s1i3
                0x00000090                m_s1i4
                0x0000009a                m_s1i5
                0x000000a4                m_s1i6
                0x000000ae                m_s1i7
                0x000000b8                m_s2i1
                0x000000c2                m_s3i1
                0x000000cc                m_s4i1
                0x000000d6                . = ALIGN (0x2)
                0x000000d6                __trampolines_start = .
 *(.trampolines)
 .trampolines   0x000000d6        0x0 linker stubs
 *(.trampolines*)
                0x000000d6                __trampolines_end = .
 *(.jumptables)
 *(.jumptables*)
 *(.lowtext)
 *(.lowtext*)
                0x000000d6                __ctors_start = .
 *(.ctors)
                0x000000d6                __ctors_end = .
                0x000000d6                __dtors_start = .
 *(.dtors)
                0x000000d6                __dtors_end = .
 SORT(*)(.ctors)
 SORT(*)(.dtors)
 *(.init0)
 .init0         0x000000d6        0x0 c:/program files/atmel/avr tools/avr toolchain/bin/../lib/gcc/avr/4.5.1/../../../../avr/lib/avr5/crtm168.o
                0x000000d6                __init
 *(.init0)
 *(.init1)
 *(.init1)
 *(.init2)
 .init2         0x000000d6        0xc c:/program files/atmel/avr tools/avr toolchain/bin/../lib/gcc/avr/4.5.1/../../../../avr/lib/avr5/crtm168.o
 *(.init2)
 *(.init3)
 *(.init3)
 *(.init4)
 .init4         0x000000e2       0x16 c:/program files/atmel/avr tools/avr toolchain/bin/../lib/gcc/avr/4.5.1/avr5\libgcc.a(_copy_data.o)
                0x000000e2                __do_copy_data
 .init4         0x000000f8       0x10 c:/program files/atmel/avr tools/avr toolchain/bin/../lib/gcc/avr/4.5.1/avr5\libgcc.a(_clear_bss.o)
                0x000000f8                __do_clear_bss
 *(.init4)
 *(.init5)
 *(.init5)
 *(.init6)
 *(.init6)
 *(.init7)
 *(.init7)
 *(.init8)
 *(.init8)
 *(.init9)
 .init9         0x00000108        0x8 c:/program files/atmel/avr tools/avr toolchain/bin/../lib/gcc/avr/4.5.1/../../../../avr/lib/avr5/crtm168.o
 *(.init9)
 *(.text)
 .text          0x00000110        0x4 c:/program files/atmel/avr tools/avr toolchain/bin/../lib/gcc/avr/4.5.1/../../../../avr/lib/avr5/crtm168.o
                0x00000110                __vector_22
                0x00000110                __vector_1
                0x00000110                __vector_24
                0x00000110                __vector_12
                0x00000110                __bad_interrupt
                0x00000110                __vector_6
                0x00000110                __vector_3
                0x00000110                __vector_23
                0x00000110                __vector_25
                0x00000110                __vector_11
                0x00000110                __vector_13
                0x00000110                __vector_17
                0x00000110                __vector_19
                0x00000110                __vector_7
                0x00000110                __vector_5
                0x00000110                __vector_4
                0x00000110                __vector_9
                0x00000110                __vector_2
                0x00000110                __vector_21
                0x00000110                __vector_15
                0x00000110                __vector_8
                0x00000110                __vector_14
                0x00000110                __vector_10
                0x00000110                __vector_16
                0x00000110                __vector_18
                0x00000110                __vector_20
 .text          0x00000114      0x2f4 i2c.o
                0x00000114                I2C_Init
                0x0000012c                I2C_Write
                0x0000019a                I2C_Read
                0x00000250                I2C_ReadTime
                0x0000030c                I2C_DS1307Init
                0x00000368                I2C_StoreTime
                0x000003b6                I2C_StoreDate
                0x000003ee                I2C_StoreYear
 .text          0x00000408       0x6e keyboard.o
                0x00000408                KBD_ReadPins
                0x0000041c                KBD_ReadKey
                0x00000468                KBD_Init
 .text          0x00000476        0xa main.o
                0x00000476                main
 .text          0x00000480       0xd4 led_display.o
                0x00000480                LED_SPI_Init
                0x00000492                LED_SPI_WriteWord
                0x000004de                LED_Out
 .text          0x00000554       0xe2 clock.o
                0x00000554                Clock_Init
                0x000005f2                Clock_Cycle
 .text          0x00000636      0x350 menu.o
                0x00000636                Menu_Change
                0x00000648                Menu_Display
                0x0000070a                Menu_Key
                0x00000978                Menu_Init
 .text          0x00000986      0x1b2 utilites.o
                0x00000986                Time_To_Buf
                0x000009de                Date_To_Buf
                0x00000a36                Year_To_Buf
                0x00000a82                Time_Brightness_To_Buf
                0x00000ada                Value_Brightness_To_Buf
                0x00000b14                BCD_Increment
 .text          0x00000b38        0x0 c:/program files/atmel/avr tools/avr toolchain/bin/../lib/gcc/avr/4.5.1/avr5\libgcc.a(_exit.o)
 .text          0x00000b38        0x0 c:/program files/atmel/avr tools/avr toolchain/bin/../lib/gcc/avr/4.5.1/avr5\libgcc.a(_copy_data.o)
 .text          0x00000b38        0x0 c:/program files/atmel/avr tools/avr toolchain/bin/../lib/gcc/avr/4.5.1/avr5\libgcc.a(_clear_bss.o)
                0x00000b38                . = ALIGN (0x2)
 *(.text.*)
 .text.libgcc   0x00000b38        0x0 c:/program files/atmel/avr tools/avr toolchain/bin/../lib/gcc/avr/4.5.1/avr5\libgcc.a(_exit.o)
 .text.libgcc   0x00000b38        0x0 c:/program files/atmel/avr tools/avr toolchain/bin/../lib/gcc/avr/4.5.1/avr5\libgcc.a(_copy_data.o)
 .text.libgcc   0x00000b38        0x0 c:/program files/atmel/avr tools/avr toolchain/bin/../lib/gcc/avr/4.5.1/avr5\libgcc.a(_clear_bss.o)
                0x00000b38                . = ALIGN (0x2)
 *(.fini9)
 .fini9         0x00000b38        0x0 c:/program files/atmel/avr tools/avr toolchain/bin/../lib/gcc/avr/4.5.1/avr5\libgcc.a(_exit.o)
                0x00000b38                _exit
                0x00000b38                exit
 *(.fini9)
 *(.fini8)
 *(.fini8)
 *(.fini7)
 *(.fini7)
 *(.fini6)
 *(.fini6)
 *(.fini5)
 *(.fini5)
 *(.fini4)
 *(.fini4)
 *(.fini3)
 *(.fini3)
 *(.fini2)
 *(.fini2)
 *(.fini1)
 *(.fini1)
 *(.fini0)
 .fini0         0x00000b38        0x4 c:/program files/atmel/avr tools/avr toolchain/bin/../lib/gcc/avr/4.5.1/avr5\libgcc.a(_exit.o)
 *(.fini0)
                0x00000b3c                _etext = .

.data           0x00800100        0x2 load address 0x00000b3c
                0x00800100                PROVIDE (__data_start, .)
 *(.data)
 .data          0x00800100        0x0 c:/program files/atmel/avr tools/avr toolchain/bin/../lib/gcc/avr/4.5.1/../../../../avr/lib/avr5/crtm168.o
 .data          0x00800100        0x0 i2c.o
 .data          0x00800100        0x0 keyboard.o
 .data          0x00800100        0x0 main.o
 .data          0x00800100        0x0 led_display.o
 .data          0x00800100        0x0 clock.o
 .data          0x00800100        0x1 menu.o
 .data          0x00800101        0x0 utilites.o
 .data          0x00800101        0x0 c:/program files/atmel/avr tools/avr toolchain/bin/../lib/gcc/avr/4.5.1/avr5\libgcc.a(_exit.o)
 .data          0x00800101        0x0 c:/program files/atmel/avr tools/avr toolchain/bin/../lib/gcc/avr/4.5.1/avr5\libgcc.a(_copy_data.o)
 .data          0x00800101        0x0 c:/program files/atmel/avr tools/avr toolchain/bin/../lib/gcc/avr/4.5.1/avr5\libgcc.a(_clear_bss.o)
 *(.data*)
 *(.rodata)
 *(.rodata*)
 *(.gnu.linkonce.d*)
                0x00800102                . = ALIGN (0x2)
 *fill*         0x00800101        0x1 00
                0x00800102                _edata = .
                0x00800102                PROVIDE (__data_end, .)

.bss            0x00800102       0x39
                0x00800102                PROVIDE (__bss_start, .)
 *(.bss)
 .bss           0x00800102        0x0 c:/program files/atmel/avr tools/avr toolchain/bin/../lib/gcc/avr/4.5.1/../../../../avr/lib/avr5/crtm168.o
 .bss           0x00800102        0x0 i2c.o
 .bss           0x00800102        0x2 keyboard.o
 .bss           0x00800104        0x0 main.o
 .bss           0x00800104        0x0 led_display.o
 .bss           0x00800104        0x2 clock.o
 .bss           0x00800106        0x2 menu.o
 .bss           0x00800108        0x0 utilites.o
 .bss           0x00800108        0x0 c:/program files/atmel/avr tools/avr toolchain/bin/../lib/gcc/avr/4.5.1/avr5\libgcc.a(_exit.o)
 .bss           0x00800108        0x0 c:/program files/atmel/avr tools/avr toolchain/bin/../lib/gcc/avr/4.5.1/avr5\libgcc.a(_copy_data.o)
 .bss           0x00800108        0x0 c:/program files/atmel/avr tools/avr toolchain/bin/../lib/gcc/avr/4.5.1/avr5\libgcc.a(_clear_bss.o)
 *(.bss*)
 *(COMMON)
 COMMON         0x00800108        0x1 i2c.o
                0x00800108                enDS1307Registers
 COMMON         0x00800109       0x30 clock.o
                0x00800109                clock
 COMMON         0x00800139        0x2 menu.o
                0x00800139                selectedMenuItem
                0x0080013b                PROVIDE (__bss_end, .)
                0x00000b3c                __data_load_start = LOADADDR (.data)
                0x00000b3e                __data_load_end = (__data_load_start + SIZEOF (.data))

.noinit         0x0080013b        0x0
                0x0080013b                PROVIDE (__noinit_start, .)
 *(.noinit*)
                0x0080013b                PROVIDE (__noinit_end, .)
                0x0080013b                _end = .
                0x0080013b                PROVIDE (__heap_start, .)

.eeprom         0x00810000        0x0
 *(.eeprom*)
                0x00810000                __eeprom_end = .

.fuse
 *(.fuse)
 *(.lfuse)
 *(.hfuse)
 *(.efuse)

.lock
 *(.lock*)

.signature
 *(.signature*)

.stab           0x00000000      0x6cc
 *(.stab)
 .stab          0x00000000      0x6cc c:/program files/atmel/avr tools/avr toolchain/bin/../lib/gcc/avr/4.5.1/../../../../avr/lib/avr5/crtm168.o

.stabstr        0x00000000       0x85
 *(.stabstr)
 .stabstr       0x00000000       0x85 c:/program files/atmel/avr tools/avr toolchain/bin/../lib/gcc/avr/4.5.1/../../../../avr/lib/avr5/crtm168.o

.stab.excl
 *(.stab.excl)

.stab.exclstr
 *(.stab.exclstr)

.stab.index
 *(.stab.index)

.stab.indexstr
 *(.stab.indexstr)

.comment
 *(.comment)

.debug
 *(.debug)

.line
 *(.line)

.debug_srcinfo
 *(.debug_srcinfo)

.debug_sfnames
 *(.debug_sfnames)

.debug_aranges  0x00000000       0xe0
 *(.debug_aranges)
 .debug_aranges
                0x00000000       0x20 i2c.o
 .debug_aranges
                0x00000020       0x20 keyboard.o
 .debug_aranges
                0x00000040       0x20 main.o
 .debug_aranges
                0x00000060       0x20 led_display.o
 .debug_aranges
                0x00000080       0x20 clock.o
 .debug_aranges
                0x000000a0       0x20 menu.o
 .debug_aranges
                0x000000c0       0x20 utilites.o

.debug_pubnames
                0x00000000      0x35d
 *(.debug_pubnames)
 .debug_pubnames
                0x00000000       0xaa i2c.o
 .debug_pubnames
                0x000000aa       0x40 keyboard.o
 .debug_pubnames
                0x000000ea       0x31 main.o
 .debug_pubnames
                0x0000011b       0x5b led_display.o
 .debug_pubnames
                0x00000176       0x51 clock.o
 .debug_pubnames
                0x000001c7       0xf5 menu.o
 .debug_pubnames
                0x000002bc       0xa1 utilites.o

.debug_info     0x00000000     0x1b78
 *(.debug_info)
 .debug_info    0x00000000      0x794 i2c.o
 .debug_info    0x00000794      0x201 keyboard.o
 .debug_info    0x00000995       0xf5 main.o
 .debug_info    0x00000a8a      0x3d6 led_display.o
 .debug_info    0x00000e60      0x26d clock.o
 .debug_info    0x000010cd      0x7a3 menu.o
 .debug_info    0x00001870      0x308 utilites.o
 *(.gnu.linkonce.wi.*)

.debug_abbrev   0x00000000      0x8a6
 *(.debug_abbrev)
 .debug_abbrev  0x00000000      0x1dd i2c.o
 .debug_abbrev  0x000001dd      0x137 keyboard.o
 .debug_abbrev  0x00000314       0x89 main.o
 .debug_abbrev  0x0000039d      0x1a6 led_display.o
 .debug_abbrev  0x00000543       0xe7 clock.o
 .debug_abbrev  0x0000062a      0x17e menu.o
 .debug_abbrev  0x000007a8       0xfe utilites.o

.debug_line     0x00000000     0x1099
 *(.debug_line)
 .debug_line    0x00000000      0x4ae i2c.o
 .debug_line    0x000004ae      0x223 keyboard.o
 .debug_line    0x000006d1       0x6c main.o
 .debug_line    0x0000073d      0x256 led_display.o
 .debug_line    0x00000993      0x19c clock.o
 .debug_line    0x00000b2f      0x34b menu.o
 .debug_line    0x00000e7a      0x21f utilites.o

.debug_frame    0x00000000      0x220
 *(.debug_frame)
 .debug_frame   0x00000000       0x90 i2c.o
 .debug_frame   0x00000090       0x40 keyboard.o
 .debug_frame   0x000000d0       0x20 main.o
 .debug_frame   0x000000f0       0x40 led_display.o
 .debug_frame   0x00000130       0x30 clock.o
 .debug_frame   0x00000160       0x50 menu.o
 .debug_frame   0x000001b0       0x70 utilites.o

.debug_str      0x00000000      0x608
 *(.debug_str)
 .debug_str     0x00000000      0x202 i2c.o
                                0x245 (size before relaxing)
 .debug_str     0x00000202       0xb4 keyboard.o
                                0x1c2 (size before relaxing)
 .debug_str     0x000002b6       0x27 main.o
                                0x143 (size before relaxing)
 .debug_str     0x000002dd       0xbf led_display.o
                                0x2a0 (size before relaxing)
 .debug_str     0x0000039c       0x22 clock.o
                                0x228 (size before relaxing)
 .debug_str     0x000003be      0x1cb menu.o
                                0x41d (size before relaxing)
 .debug_str     0x00000589       0x7f utilites.o
                                0x210 (size before relaxing)

.debug_loc      0x00000000      0x8ed
 *(.debug_loc)
 .debug_loc     0x00000000      0x1e7 i2c.o
 .debug_loc     0x000001e7       0x88 keyboard.o
 .debug_loc     0x0000026f       0x7e led_display.o
 .debug_loc     0x000002ed      0x4ee menu.o
 .debug_loc     0x000007db      0x112 utilites.o

.debug_macinfo
 *(.debug_macinfo)
OUTPUT(protocol.elf elf32-avr)
LOAD linker stubs

.debug_pubtypes
                0x00000000      0x20c
 .debug_pubtypes
                0x00000000       0x3c i2c.o
 .debug_pubtypes
                0x0000003c       0x42 keyboard.o
 .debug_pubtypes
                0x0000007e       0x12 main.o
 .debug_pubtypes
                0x00000090       0x66 led_display.o
 .debug_pubtypes
                0x000000f6       0x59 clock.o
 .debug_pubtypes
                0x0000014f       0x70 menu.o
 .debug_pubtypes
                0x000001bf       0x4d utilites.o
